// Jest Snapshot v1, https://goo.gl/fbAQLP

exports[`renders 1`] = `
<div
  className="MuiDrawer-root MuiDrawer-docked makeStyles-drawerClosed-2"
>
  <div
    className="MuiPaper-root MuiDrawer-paper makeStyles-drawerClosed-2 MuiDrawer-paperAnchorLeft MuiDrawer-paperAnchorDockedLeft MuiPaper-elevation0"
    style={
      Object {
        "visibility": undefined,
      }
    }
  >
    <div
      className="makeStyles-drawerHeader-3 makeStyles-drawerHeaderClosed-5"
    >
      <button
        className="MuiButtonBase-root MuiIconButton-root"
        disabled={false}
        onBlur={[Function]}
        onDragLeave={[Function]}
        onFocus={[Function]}
        onKeyDown={[Function]}
        onKeyUp={[Function]}
        onMouseDown={[Function]}
        onMouseLeave={[Function]}
        onMouseUp={[Function]}
        onTouchEnd={[Function]}
        onTouchMove={[Function]}
        onTouchStart={[Function]}
        tabIndex={0}
        type="button"
      >
        <span
          className="MuiIconButton-label"
        >
          <svg
            aria-hidden={true}
            className="MuiSvgIcon-root"
            focusable="false"
            viewBox="0 0 24 24"
          >
            <path
              d="M10 6L8.59 7.41 13.17 12l-4.58 4.59L10 18l6-6z"
            />
          </svg>
        </span>
      </button>
    </div>
    <hr
      className="MuiDivider-root"
    />
    <ul
      className="MuiList-root MuiList-padding"
    />
    <div
      className="makeStyles-spacer-7"
    />
  </div>
</div>
`;
