// Jest Snapshot v1, https://goo.gl/fbAQLP

exports[`renders 1`] = `
<ul
  className="MuiList-root MuiList-padding"
>
  <li
    className="MuiListItem-root MuiListItem-gutters"
    disabled={false}
  >
    <div
      className="MuiListItemText-root"
    >
      <span
        className="MuiTypography-root MuiListItemText-primary MuiTypography-body1 MuiTypography-displayBlock"
      >
        Our Partners
      </span>
    </div>
  </li>
  <a
    href="https://www.usworker.coop/"
  >
    <div
      aria-disabled={false}
      className="MuiButtonBase-root MuiListItem-root MuiListItem-gutters MuiListItem-button"
      onBlur={[Function]}
      onDragLeave={[Function]}
      onFocus={[Function]}
      onKeyDown={[Function]}
      onKeyUp={[Function]}
      onMouseDown={[Function]}
      onMouseLeave={[Function]}
      onMouseUp={[Function]}
      onTouchEnd={[Function]}
      onTouchMove={[Function]}
      onTouchStart={[Function]}
      role="button"
      tabIndex={0}
    >
      <img
        alt="USFWC Logo"
        className="makeStyles-logo-1"
        src="logo-usfwc.png"
      />
    </div>
  </a>
  <a
    href="https://www.smart.coop/"
  >
    <div
      aria-disabled={false}
      className="MuiButtonBase-root MuiListItem-root MuiListItem-gutters MuiListItem-button"
      onBlur={[Function]}
      onDragLeave={[Function]}
      onFocus={[Function]}
      onKeyDown={[Function]}
      onKeyUp={[Function]}
      onMouseDown={[Function]}
      onMouseLeave={[Function]}
      onMouseUp={[Function]}
      onTouchEnd={[Function]}
      onTouchMove={[Function]}
      onTouchStart={[Function]}
      role="button"
      tabIndex={0}
    >
      <img
        alt="Smart Logo"
        className="makeStyles-logo-1"
        src="logo-smart.svg"
      />
    </div>
  </a>
  <li
    className="MuiListItem-root MuiListItem-gutters"
    disabled={false}
  >
    <div
      className="MuiListItemText-root"
    >
      <span
        className="MuiTypography-root MuiListItemText-primary MuiTypography-body1 MuiTypography-displayBlock"
      >
        Funding From
      </span>
    </div>
  </li>
  <a
    href="https://www.cciarts.org/"
  >
    <div
      aria-disabled={false}
      className="MuiButtonBase-root MuiListItem-root MuiListItem-gutters MuiListItem-button"
      onBlur={[Function]}
      onDragLeave={[Function]}
      onFocus={[Function]}
      onKeyDown={[Function]}
      onKeyUp={[Function]}
      onMouseDown={[Function]}
      onMouseLeave={[Function]}
      onMouseUp={[Function]}
      onTouchEnd={[Function]}
      onTouchMove={[Function]}
      onTouchStart={[Function]}
      role="button"
      tabIndex={0}
    >
      <img
        alt="CCI Arts Logo"
        className="makeStyles-logo-1"
        src="logo-cci.svg"
      />
    </div>
  </a>
</ul>
`;
